python : 2026-06-14 16:59:22.116 | INFO     | autoquant.data:__init__:153 - Dat
aFeed initialized with yahoo source
At line:1 char:5
+ & { python test_all.py > test_output.txt 2>&1; Get-Content test_outpu ...
+     ~~~~~~~~~~~~~~~~~~~~~~~~~~~~~~~~~~~~~~~~~
    + CategoryInfo          : NotSpecified: (2026-06-14 16:5...th yahoo source 
   :String) [], RemoteException
    + FullyQualifiedErrorId : NativeCommandError
 

[*********************100%***********************]  1 of 1 completed

1 Failed download:
['AAPL']: YFRateLimitError('Too Many Requests. Rate limited. Try after a while.
')
2026-06-14 16:59:34.698 | WARNING  | autoquant.data:get_price:31 - No data foun
d for AAPL
2026-06-14 16:59:34.699 | INFO     | autoquant.data:__init__:153 - DataFeed ini
tialized with yahoo source
============================================================
Testing AutoQuant Framework
============================================================

1. Testing DataFeed...
   ✓ Data fetched successfully: 0 rows
   ✓ Columns: []

2. Testing Strategy Engine...
   ✓ Available strategies: ['sma', 'macd', 'rsi', 'bollinger', 'crossover', 'multifactor']
   ✓ SMA Strategy created with params: {'short_window': 20, 'long_window': 60}

3. Testing BackTest Engine...
